// Jest Snapshot v1, https://goo.gl/fbAQLP

exports[`Calculator display should render correctly 1`] = `
<div
  className="calc wrap"
>
  <div
    className="calc-display"
  >
    <span />
  </div>
</div>
`;
